../Drivers/CMSIS/Include/core_cm4.h:2064:26:ITM_SendChar	16	static,ignoring_inline_asm
../Core/Src/main.c:169:5:main	8	static
../Core/Src/main.c:351:6:SystemClock_Config	88	static
../Core/Src/main.c:405:6:PeriphCommonClock_Config	104	static
../Core/Src/main.c:423:13:MX_NVIC_Init	8	static
../Core/Src/main.c:447:13:MX_I2C1_Init	8	static
../Core/Src/main.c:481:13:MX_SPI1_Init	8	static
../Core/Src/main.c:519:13:MX_TIM1_Init	56	static
../Core/Src/main.c:569:13:MX_TIM2_Init	32	static
../Core/Src/main.c:614:13:MX_TIM3_Init	32	static
../Core/Src/main.c:659:13:MX_UART4_Init	8	static
../Core/Src/main.c:692:13:MX_GPIO_Init	48	static
../Core/Src/main.c:751:5:__io_putchar	16	static
../Core/Src/main.c:756:6:HAL_UART_RxCpltCallback	16	static
../Core/Src/main.c:764:6:check_buffer	16	static
../Core/Src/main.c:788:6:clear_buff	8	static
../Core/Src/main.c:798:15:set_accel_gyro_config	136	static
../Core/Src/main.c:893:14:lsb_to_g	32	static
../Core/Src/main.c:906:14:lsb_to_dps	32	static
../Core/Src/main.c:915:13:on_A_rise	4	static
../Core/Src/main.c:935:13:on_A_fall	4	static
../Core/Src/main.c:943:13:on_B_rise	4	static
../Core/Src/main.c:960:13:on_B_fall	4	static
../Core/Src/main.c:967:6:calculate_depth	16	static
../Core/Src/main.c:980:6:check_angle	8	static
../Core/Src/main.c:1001:6:HAL_GPIO_EXTI_Callback	16	static
../Core/Src/main.c:1034:6:Error_Handler	4	static,ignoring_inline_asm
