../Drivers/CMSIS/Include/core_cm4.h:2064:26:ITM_SendChar	16	static,ignoring_inline_asm
../Core/Src/main.c:167:5:main	8	static
../Core/Src/main.c:352:6:SystemClock_Config	88	static
../Core/Src/main.c:406:6:PeriphCommonClock_Config	104	static
../Core/Src/main.c:424:13:MX_NVIC_Init	8	static
../Core/Src/main.c:451:13:MX_ADC1_Init	24	static
../Core/Src/main.c:503:13:MX_I2C1_Init	8	static
../Core/Src/main.c:537:13:MX_TIM1_Init	56	static
../Core/Src/main.c:587:13:MX_TIM2_Init	32	static
../Core/Src/main.c:632:13:MX_TIM3_Init	32	static
../Core/Src/main.c:677:13:MX_UART4_Init	8	static
../Core/Src/main.c:710:13:MX_USART2_UART_Init	8	static
../Core/Src/main.c:741:13:MX_DMA_Init	16	static
../Core/Src/main.c:754:13:MX_GPIO_Init	48	static
../Core/Src/main.c:805:5:__io_putchar	16	static
../Core/Src/main.c:810:6:HAL_UART_RxCpltCallback	16	static
../Core/Src/main.c:818:6:check_buffer	8	static
../Core/Src/main.c:832:6:clear_buff	8	static
../Core/Src/main.c:842:15:set_accel_gyro_config	136	static
../Core/Src/main.c:937:14:lsb_to_g	32	static
../Core/Src/main.c:950:14:lsb_to_dps	32	static
../Core/Src/main.c:959:13:on_A_rise	4	static
../Core/Src/main.c:979:13:on_A_fall	4	static
../Core/Src/main.c:987:13:on_B_rise	4	static
../Core/Src/main.c:1004:13:on_B_fall	4	static
../Core/Src/main.c:1011:6:calculate_depth	16	static
../Core/Src/main.c:1022:6:check_angle	8	static
../Core/Src/main.c:1043:6:HAL_GPIO_EXTI_Callback	16	static
../Core/Src/main.c:1078:6:Error_Handler	4	static,ignoring_inline_asm
