../Drivers/CMSIS/Include/core_cm4.h:2064:26:ITM_SendChar	16	static,ignoring_inline_asm
../Core/Src/main.c:127:5:main	8	static
../Core/Src/main.c:299:6:SystemClock_Config	88	static
../Core/Src/main.c:353:6:PeriphCommonClock_Config	104	static
../Core/Src/main.c:372:13:MX_ADC1_Init	24	static
../Core/Src/main.c:424:13:MX_I2C1_Init	8	static
../Core/Src/main.c:458:13:MX_TIM1_Init	56	static
../Core/Src/main.c:508:13:MX_UART4_Init	8	static
../Core/Src/main.c:541:13:MX_USART2_UART_Init	8	static
../Core/Src/main.c:572:13:MX_DMA_Init	16	static
../Core/Src/main.c:590:13:MX_GPIO_Init	48	static
../Core/Src/main.c:625:5:__io_putchar	16	static
../Core/Src/main.c:630:6:HAL_UART_RxCpltCallback	16	static
../Core/Src/main.c:638:6:check_buffer	8	static
../Core/Src/main.c:652:6:clear_buff	8	static
../Core/Src/main.c:662:15:set_accel_gyro_config	136	static
../Core/Src/main.c:757:14:lsb_to_g	32	static
../Core/Src/main.c:770:14:lsb_to_dps	32	static
../Core/Src/main.c:790:6:Error_Handler	4	static,ignoring_inline_asm
