../Drivers/CMSIS/Include/core_cm4.h:2064:26:ITM_SendChar	16	static,ignoring_inline_asm
../Core/Src/main.c:186:5:main	8	static
../Core/Src/main.c:373:6:SystemClock_Config	88	static
../Core/Src/main.c:427:6:PeriphCommonClock_Config	104	static
../Core/Src/main.c:445:13:MX_NVIC_Init	8	static
../Core/Src/main.c:466:13:MX_I2C1_Init	8	static
../Core/Src/main.c:500:13:MX_SPI1_Init	8	static
../Core/Src/main.c:538:13:MX_TIM1_Init	56	static
../Core/Src/main.c:588:13:MX_TIM2_Init	32	static
../Core/Src/main.c:633:13:MX_TIM3_Init	32	static
../Core/Src/main.c:678:13:MX_UART4_Init	8	static
../Core/Src/main.c:711:13:MX_GPIO_Init	48	static
../Core/Src/main.c:790:5:__io_putchar	16	static
../Core/Src/main.c:795:6:HAL_UART_RxCpltCallback	16	static
../Core/Src/main.c:803:6:check_buffer	16	static
../Core/Src/main.c:827:6:clear_buff	8	static
../Core/Src/main.c:837:15:set_accel_gyro_config	136	static
../Core/Src/main.c:932:14:lsb_to_g	32	static
../Core/Src/main.c:945:14:lsb_to_dps	32	static
../Core/Src/main.c:954:13:on_A_rise	4	static
../Core/Src/main.c:974:13:on_A_fall	4	static
../Core/Src/main.c:982:13:on_B_rise	4	static
../Core/Src/main.c:999:13:on_B_fall	4	static
../Core/Src/main.c:1006:6:calculate_depth	16	static
../Core/Src/main.c:1019:6:check_angle	8	static
../Core/Src/main.c:1037:6:compare_depths	8	static
../Core/Src/main.c:1096:6:reset_depth	4	static
../Core/Src/main.c:1102:6:update_backlight	16	static
../Core/Src/main.c:1177:6:HAL_GPIO_EXTI_Callback	24	static
../Core/Src/main.c:1232:6:Error_Handler	4	static,ignoring_inline_asm
