../Drivers/CMSIS/Include/core_cm4.h:2064:26:ITM_SendChar	16	static,ignoring_inline_asm
../Core/Src/main.c:125:5:main	8	static
../Core/Src/main.c:296:6:SystemClock_Config	88	static
../Core/Src/main.c:350:6:PeriphCommonClock_Config	104	static
../Core/Src/main.c:369:13:MX_ADC1_Init	24	static
../Core/Src/main.c:421:13:MX_I2C1_Init	8	static
../Core/Src/main.c:455:13:MX_TIM1_Init	56	static
../Core/Src/main.c:505:13:MX_UART4_Init	8	static
../Core/Src/main.c:538:13:MX_USART2_UART_Init	8	static
../Core/Src/main.c:569:13:MX_DMA_Init	16	static
../Core/Src/main.c:587:13:MX_GPIO_Init	48	static
../Core/Src/main.c:622:5:__io_putchar	16	static
../Core/Src/main.c:627:6:HAL_UART_RxCpltCallback	16	static
../Core/Src/main.c:635:6:check_buffer	4	static
../Core/Src/main.c:646:15:set_accel_gyro_config	136	static
../Core/Src/main.c:741:14:lsb_to_g	32	static
../Core/Src/main.c:754:14:lsb_to_dps	32	static
../Core/Src/main.c:774:6:Error_Handler	4	static,ignoring_inline_asm
