../Drivers/CMSIS/Include/core_cm4.h:2064:26:ITM_SendChar	16	static,ignoring_inline_asm
../Core/Src/main.c:186:5:main	8	static
../Core/Src/main.c:353:6:SystemClock_Config	88	static
../Core/Src/main.c:407:6:PeriphCommonClock_Config	104	static
../Core/Src/main.c:425:13:MX_NVIC_Init	8	static
../Core/Src/main.c:446:13:MX_I2C1_Init	8	static
../Core/Src/main.c:480:13:MX_SPI1_Init	8	static
../Core/Src/main.c:518:13:MX_TIM1_Init	56	static
../Core/Src/main.c:568:13:MX_TIM2_Init	32	static
../Core/Src/main.c:613:13:MX_TIM3_Init	32	static
../Core/Src/main.c:658:13:MX_UART4_Init	8	static
../Core/Src/main.c:691:13:MX_GPIO_Init	48	static
../Core/Src/main.c:770:5:__io_putchar	16	static
../Core/Src/main.c:775:6:HAL_UART_RxCpltCallback	16	static
../Core/Src/main.c:783:6:check_buffer	16	static
../Core/Src/main.c:807:6:clear_buff	8	static
../Core/Src/main.c:817:15:set_accel_gyro_config	136	static
../Core/Src/main.c:912:14:lsb_to_g	32	static
../Core/Src/main.c:925:14:lsb_to_dps	32	static
../Core/Src/main.c:934:13:on_A_rise	4	static
../Core/Src/main.c:954:13:on_A_fall	4	static
../Core/Src/main.c:962:13:on_B_rise	4	static
../Core/Src/main.c:979:13:on_B_fall	4	static
../Core/Src/main.c:986:6:calculate_depth	16	static
../Core/Src/main.c:999:6:check_angle	8	static
../Core/Src/main.c:1017:6:compare_depths	8	static
../Core/Src/main.c:1073:6:reset_depth	4	static
../Core/Src/main.c:1079:6:update_backlight	16	static
../Core/Src/main.c:1154:6:HAL_GPIO_EXTI_Callback	24	static
../Core/Src/main.c:1209:6:Error_Handler	4	static,ignoring_inline_asm
