../Drivers/CMSIS/Include/core_cm4.h:2064:26:ITM_SendChar	16	static,ignoring_inline_asm
../Core/Src/main.c:75:6:HAL_TIM_IC_CaptureCallback	16	static
../Core/Src/main.c:85:5:main	16	static
../Core/Src/main.c:165:6:SystemClock_Config	88	static
../Core/Src/main.c:219:6:PeriphCommonClock_Config	104	static
../Core/Src/main.c:238:13:MX_TIM1_Init	56	static
../Core/Src/main.c:288:13:MX_USART2_UART_Init	8	static
../Core/Src/main.c:321:13:MX_GPIO_Init	48	static
../Core/Src/main.c:362:5:__io_putchar	16	static
../Core/Src/main.c:368:5:CheckState	4	static
../Core/Src/main.c:393:6:Error_Handler	4	static,ignoring_inline_asm
