../Drivers/CMSIS/Include/core_cm4.h:2064:26:ITM_SendChar	16	static,ignoring_inline_asm
../Core/Src/main.c:170:5:main	8	static
../Core/Src/main.c:349:6:SystemClock_Config	88	static
../Core/Src/main.c:403:6:PeriphCommonClock_Config	104	static
../Core/Src/main.c:421:13:MX_NVIC_Init	8	static
../Core/Src/main.c:445:13:MX_I2C1_Init	8	static
../Core/Src/main.c:479:13:MX_SPI1_Init	8	static
../Core/Src/main.c:517:13:MX_TIM1_Init	56	static
../Core/Src/main.c:567:13:MX_TIM2_Init	32	static
../Core/Src/main.c:612:13:MX_TIM3_Init	32	static
../Core/Src/main.c:657:13:MX_UART4_Init	8	static
../Core/Src/main.c:690:13:MX_GPIO_Init	48	static
../Core/Src/main.c:761:5:__io_putchar	16	static
../Core/Src/main.c:766:6:HAL_UART_RxCpltCallback	16	static
../Core/Src/main.c:774:6:check_buffer	16	static
../Core/Src/main.c:798:6:clear_buff	8	static
../Core/Src/main.c:808:15:set_accel_gyro_config	136	static
../Core/Src/main.c:903:14:lsb_to_g	32	static
../Core/Src/main.c:916:14:lsb_to_dps	32	static
../Core/Src/main.c:925:13:on_A_rise	4	static
../Core/Src/main.c:945:13:on_A_fall	4	static
../Core/Src/main.c:953:13:on_B_rise	4	static
../Core/Src/main.c:970:13:on_B_fall	4	static
../Core/Src/main.c:977:6:calculate_depth	16	static
../Core/Src/main.c:990:6:check_angle	8	static
../Core/Src/main.c:1008:6:compare_depths	8	static
../Core/Src/main.c:1023:6:HAL_GPIO_EXTI_Callback	16	static
../Core/Src/main.c:1059:6:Error_Handler	4	static,ignoring_inline_asm
