../Drivers/CMSIS/Include/core_cm4.h:2064:26:ITM_SendChar	16	static,ignoring_inline_asm
../Core/Src/main.c:170:5:main	8	static
../Core/Src/main.c:363:6:SystemClock_Config	88	static
../Core/Src/main.c:417:6:PeriphCommonClock_Config	104	static
../Core/Src/main.c:435:13:MX_NVIC_Init	8	static
../Core/Src/main.c:456:13:MX_I2C1_Init	8	static
../Core/Src/main.c:490:13:MX_SPI1_Init	8	static
../Core/Src/main.c:528:13:MX_TIM1_Init	56	static
../Core/Src/main.c:578:13:MX_TIM2_Init	32	static
../Core/Src/main.c:623:13:MX_TIM3_Init	32	static
../Core/Src/main.c:668:13:MX_UART4_Init	8	static
../Core/Src/main.c:701:13:MX_GPIO_Init	48	static
../Core/Src/main.c:786:5:__io_putchar	16	static
../Core/Src/main.c:791:6:HAL_UART_RxCpltCallback	16	static
../Core/Src/main.c:799:6:check_buffer	16	static
../Core/Src/main.c:823:6:clear_buff	8	static
../Core/Src/main.c:833:15:set_accel_gyro_config	136	static
../Core/Src/main.c:928:14:lsb_to_g	32	static
../Core/Src/main.c:941:14:lsb_to_dps	32	static
../Core/Src/main.c:950:13:on_A_rise	4	static
../Core/Src/main.c:970:13:on_A_fall	4	static
../Core/Src/main.c:978:13:on_B_rise	4	static
../Core/Src/main.c:995:13:on_B_fall	4	static
../Core/Src/main.c:1002:6:calculate_depth	16	static
../Core/Src/main.c:1015:6:check_angle	8	static
../Core/Src/main.c:1033:6:compare_depths	8	static
../Core/Src/main.c:1048:6:HAL_GPIO_EXTI_Callback	16	static
../Core/Src/main.c:1084:6:Error_Handler	4	static,ignoring_inline_asm
