../Drivers/CMSIS/Include/core_cm4.h:2064:26:ITM_SendChar	16	static,ignoring_inline_asm
../Core/Src/main.c:74:5:main	8	static
../Core/Src/main.c:146:6:SystemClock_Config	88	static
../Core/Src/main.c:200:6:PeriphCommonClock_Config	104	static
../Core/Src/main.c:219:13:MX_TIM1_Init	56	static
../Core/Src/main.c:269:13:MX_USART2_UART_Init	8	static
../Core/Src/main.c:302:13:MX_GPIO_Init	48	static
../Core/Src/main.c:343:5:__io_putchar	16	static
../Core/Src/main.c:357:6:Error_Handler	4	static,ignoring_inline_asm
