../Drivers/CMSIS/Include/core_cm4.h:2064:26:ITM_SendChar	16	static,ignoring_inline_asm
../Core/Src/main.c:131:5:main	8	static
../Core/Src/main.c:306:6:SystemClock_Config	88	static
../Core/Src/main.c:360:6:PeriphCommonClock_Config	104	static
../Core/Src/main.c:379:13:MX_ADC1_Init	24	static
../Core/Src/main.c:431:13:MX_I2C1_Init	8	static
../Core/Src/main.c:465:13:MX_TIM1_Init	56	static
../Core/Src/main.c:515:13:MX_TIM2_Init	48	static
../Core/Src/main.c:573:13:MX_UART4_Init	8	static
../Core/Src/main.c:606:13:MX_USART2_UART_Init	8	static
../Core/Src/main.c:637:13:MX_DMA_Init	16	static
../Core/Src/main.c:659:13:MX_GPIO_Init	48	static
../Core/Src/main.c:694:5:__io_putchar	16	static
../Core/Src/main.c:699:6:HAL_UART_RxCpltCallback	16	static
../Core/Src/main.c:707:6:check_buffer	8	static
../Core/Src/main.c:721:6:clear_buff	8	static
../Core/Src/main.c:731:15:set_accel_gyro_config	136	static
../Core/Src/main.c:826:14:lsb_to_g	32	static
../Core/Src/main.c:839:14:lsb_to_dps	32	static
../Core/Src/main.c:859:6:Error_Handler	4	static,ignoring_inline_asm
