../Drivers/CMSIS/Include/core_cm4.h:2064:26:ITM_SendChar	16	static,ignoring_inline_asm
../Core/Src/main.c:190:5:main	8	static
../Core/Src/main.c:377:6:SystemClock_Config	88	static
../Core/Src/main.c:431:6:PeriphCommonClock_Config	104	static
../Core/Src/main.c:449:13:MX_NVIC_Init	8	static
../Core/Src/main.c:470:13:MX_I2C1_Init	8	static
../Core/Src/main.c:504:13:MX_SPI1_Init	8	static
../Core/Src/main.c:542:13:MX_TIM1_Init	56	static
../Core/Src/main.c:592:13:MX_TIM2_Init	32	static
../Core/Src/main.c:637:13:MX_TIM3_Init	32	static
../Core/Src/main.c:682:13:MX_UART4_Init	8	static
../Core/Src/main.c:715:13:MX_GPIO_Init	48	static
../Core/Src/main.c:794:5:__io_putchar	16	static
../Core/Src/main.c:799:6:HAL_UART_RxCpltCallback	16	static
../Core/Src/main.c:807:6:check_buffer	16	static
../Core/Src/main.c:831:6:clear_buff	8	static
../Core/Src/main.c:841:15:set_accel_gyro_config	136	static
../Core/Src/main.c:936:14:lsb_to_g	32	static
../Core/Src/main.c:949:14:lsb_to_dps	32	static
../Core/Src/main.c:958:13:on_A_rise	4	static
../Core/Src/main.c:978:13:on_A_fall	4	static
../Core/Src/main.c:986:13:on_B_rise	4	static
../Core/Src/main.c:1003:13:on_B_fall	4	static
../Core/Src/main.c:1010:6:calculate_depth	16	static
../Core/Src/main.c:1023:6:check_angle	8	static
../Core/Src/main.c:1041:6:compare_depths	8	static
../Core/Src/main.c:1100:6:reset_depth	4	static
../Core/Src/main.c:1106:6:update_backlight	16	static
../Core/Src/main.c:1181:6:HAL_GPIO_EXTI_Callback	24	static
../Core/Src/main.c:1236:6:Error_Handler	4	static,ignoring_inline_asm
