../Drivers/CMSIS/Include/core_cm4.h:2064:26:ITM_SendChar	16	static,ignoring_inline_asm
../Core/Src/main.c:164:5:main	8	static
../Core/Src/main.c:343:6:SystemClock_Config	88	static
../Core/Src/main.c:397:6:PeriphCommonClock_Config	104	static
../Core/Src/main.c:415:13:MX_NVIC_Init	8	static
../Core/Src/main.c:439:13:MX_ADC1_Init	24	static
../Core/Src/main.c:491:13:MX_I2C1_Init	8	static
../Core/Src/main.c:525:13:MX_TIM1_Init	56	static
../Core/Src/main.c:575:13:MX_TIM2_Init	32	static
../Core/Src/main.c:620:13:MX_TIM3_Init	32	static
../Core/Src/main.c:665:13:MX_UART4_Init	8	static
../Core/Src/main.c:698:13:MX_USART2_UART_Init	8	static
../Core/Src/main.c:729:13:MX_DMA_Init	16	static
../Core/Src/main.c:742:13:MX_GPIO_Init	48	static
../Core/Src/main.c:793:5:__io_putchar	16	static
../Core/Src/main.c:798:6:HAL_UART_RxCpltCallback	16	static
../Core/Src/main.c:806:6:check_buffer	8	static
../Core/Src/main.c:820:6:clear_buff	8	static
../Core/Src/main.c:830:15:set_accel_gyro_config	136	static
../Core/Src/main.c:925:14:lsb_to_g	32	static
../Core/Src/main.c:938:14:lsb_to_dps	32	static
../Core/Src/main.c:947:13:on_A_rise	4	static
../Core/Src/main.c:967:13:on_A_fall	4	static
../Core/Src/main.c:975:13:on_B_rise	4	static
../Core/Src/main.c:992:13:on_B_fall	4	static
../Core/Src/main.c:1001:6:HAL_GPIO_EXTI_Callback	16	static
../Core/Src/main.c:1028:6:calculate_depth	4	static
../Core/Src/main.c:1044:6:Error_Handler	4	static,ignoring_inline_asm
