../Drivers/CMSIS/Include/core_cm4.h:2064:26:ITM_SendChar	16	static,ignoring_inline_asm
../Core/Src/main.c:171:5:main	8	static
../Core/Src/main.c:359:6:SystemClock_Config	88	static
../Core/Src/main.c:413:6:PeriphCommonClock_Config	104	static
../Core/Src/main.c:431:13:MX_NVIC_Init	8	static
../Core/Src/main.c:455:13:MX_I2C1_Init	8	static
../Core/Src/main.c:489:13:MX_SPI1_Init	8	static
../Core/Src/main.c:527:13:MX_TIM1_Init	56	static
../Core/Src/main.c:577:13:MX_TIM2_Init	32	static
../Core/Src/main.c:622:13:MX_TIM3_Init	32	static
../Core/Src/main.c:667:13:MX_UART4_Init	8	static
../Core/Src/main.c:700:13:MX_GPIO_Init	48	static
../Core/Src/main.c:771:5:__io_putchar	16	static
../Core/Src/main.c:776:6:HAL_UART_RxCpltCallback	16	static
../Core/Src/main.c:784:6:check_buffer	16	static
../Core/Src/main.c:808:6:clear_buff	8	static
../Core/Src/main.c:818:15:set_accel_gyro_config	136	static
../Core/Src/main.c:913:14:lsb_to_g	32	static
../Core/Src/main.c:926:14:lsb_to_dps	32	static
../Core/Src/main.c:935:13:on_A_rise	4	static
../Core/Src/main.c:955:13:on_A_fall	4	static
../Core/Src/main.c:963:13:on_B_rise	4	static
../Core/Src/main.c:980:13:on_B_fall	4	static
../Core/Src/main.c:987:6:calculate_depth	16	static
../Core/Src/main.c:1000:6:check_angle	8	static
../Core/Src/main.c:1018:6:compare_depths	8	static
../Core/Src/main.c:1028:6:reset_depth	4	static
../Core/Src/main.c:1038:6:HAL_GPIO_EXTI_Callback	16	static
../Core/Src/main.c:1074:6:Error_Handler	4	static,ignoring_inline_asm
