../Drivers/CMSIS/Include/core_cm4.h:2064:26:ITM_SendChar	16	static,ignoring_inline_asm
../Core/Src/main.c:115:5:main	184	static
../Core/Src/main.c:281:6:SystemClock_Config	88	static
../Core/Src/main.c:335:6:PeriphCommonClock_Config	104	static
../Core/Src/main.c:354:13:MX_ADC1_Init	24	static
../Core/Src/main.c:406:13:MX_I2C1_Init	8	static
../Core/Src/main.c:440:13:MX_TIM1_Init	56	static
../Core/Src/main.c:490:13:MX_USART2_UART_Init	8	static
../Core/Src/main.c:521:13:MX_DMA_Init	16	static
../Core/Src/main.c:539:13:MX_GPIO_Init	48	static
../Core/Src/main.c:574:5:__io_putchar	16	static
../Core/Src/main.c:580:15:set_accel_gyro_config	136	static
../Core/Src/main.c:675:14:lsb_to_g	32	static
../Core/Src/main.c:688:14:lsb_to_dps	32	static
../Core/Src/main.c:708:6:Error_Handler	4	static,ignoring_inline_asm
