../Drivers/CMSIS/Include/core_cm4.h:2064:26:ITM_SendChar	16	static,ignoring_inline_asm
../Core/Src/main.c:169:5:main	8	static
../Core/Src/main.c:351:6:SystemClock_Config	88	static
../Core/Src/main.c:405:6:PeriphCommonClock_Config	104	static
../Core/Src/main.c:423:13:MX_NVIC_Init	8	static
../Core/Src/main.c:444:13:MX_I2C1_Init	8	static
../Core/Src/main.c:478:13:MX_SPI1_Init	8	static
../Core/Src/main.c:516:13:MX_TIM1_Init	56	static
../Core/Src/main.c:566:13:MX_TIM2_Init	32	static
../Core/Src/main.c:611:13:MX_TIM3_Init	32	static
../Core/Src/main.c:656:13:MX_UART4_Init	8	static
../Core/Src/main.c:689:13:MX_GPIO_Init	48	static
../Core/Src/main.c:758:5:__io_putchar	16	static
../Core/Src/main.c:763:6:HAL_UART_RxCpltCallback	16	static
../Core/Src/main.c:771:6:check_buffer	16	static
../Core/Src/main.c:795:6:clear_buff	8	static
../Core/Src/main.c:805:15:set_accel_gyro_config	136	static
../Core/Src/main.c:900:14:lsb_to_g	32	static
../Core/Src/main.c:913:14:lsb_to_dps	32	static
../Core/Src/main.c:922:13:on_A_rise	4	static
../Core/Src/main.c:942:13:on_A_fall	4	static
../Core/Src/main.c:950:13:on_B_rise	4	static
../Core/Src/main.c:967:13:on_B_fall	4	static
../Core/Src/main.c:974:6:calculate_depth	16	static
../Core/Src/main.c:987:6:check_angle	8	static
../Core/Src/main.c:1008:6:HAL_GPIO_EXTI_Callback	16	static
../Core/Src/main.c:1041:6:Error_Handler	4	static,ignoring_inline_asm
