../Drivers/CMSIS/Include/core_cm4.h:2064:26:ITM_SendChar	16	static,ignoring_inline_asm
../Core/Src/main.c:166:5:main	8	static
../Core/Src/main.c:351:6:SystemClock_Config	88	static
../Core/Src/main.c:405:6:PeriphCommonClock_Config	104	static
../Core/Src/main.c:423:13:MX_NVIC_Init	8	static
../Core/Src/main.c:447:13:MX_ADC1_Init	24	static
../Core/Src/main.c:499:13:MX_I2C1_Init	8	static
../Core/Src/main.c:533:13:MX_TIM1_Init	56	static
../Core/Src/main.c:583:13:MX_TIM2_Init	32	static
../Core/Src/main.c:628:13:MX_TIM3_Init	32	static
../Core/Src/main.c:673:13:MX_UART4_Init	8	static
../Core/Src/main.c:706:13:MX_USART2_UART_Init	8	static
../Core/Src/main.c:737:13:MX_DMA_Init	16	static
../Core/Src/main.c:750:13:MX_GPIO_Init	48	static
../Core/Src/main.c:801:5:__io_putchar	16	static
../Core/Src/main.c:806:6:HAL_UART_RxCpltCallback	16	static
../Core/Src/main.c:814:6:check_buffer	8	static
../Core/Src/main.c:828:6:clear_buff	8	static
../Core/Src/main.c:838:15:set_accel_gyro_config	136	static
../Core/Src/main.c:933:14:lsb_to_g	32	static
../Core/Src/main.c:946:14:lsb_to_dps	32	static
../Core/Src/main.c:955:13:on_A_rise	4	static
../Core/Src/main.c:975:13:on_A_fall	4	static
../Core/Src/main.c:983:13:on_B_rise	4	static
../Core/Src/main.c:1000:13:on_B_fall	4	static
../Core/Src/main.c:1009:6:HAL_GPIO_EXTI_Callback	16	static
../Core/Src/main.c:1036:6:calculate_depth	16	static
../Core/Src/main.c:1047:6:check_angle	8	static
../Core/Src/main.c:1072:6:Error_Handler	4	static,ignoring_inline_asm
