../Core/Src/ST7565.c:52:13:ST7565_updateBoundingBox	16	static
../Core/Src/ST7565.c:64:6:ST7565_drawbitmapNew	32	static
../Core/Src/ST7565.c:79:6:ST7565_drawstring	16	static
../Core/Src/ST7565.c:96:7:ST7565_drawchar	24	static
../Core/Src/ST7565.c:117:6:ST7565_drawstring_anywhere	24	static
../Core/Src/ST7565.c:134:6:ST7565_drawchar_anywhere	24	static
../Core/Src/ST7565.c:156:6:ST7565_drawline	40	static
../Core/Src/ST7565.c:194:6:ST7565_fillrect	32	static
../Core/Src/ST7565.c:211:6:ST7565_drawrect	32	static
../Core/Src/ST7565.c:228:6:ST7565_drawcircle	32	static
../Core/Src/ST7565.c:266:6:ST7565_fillcircle	32	static
../Core/Src/ST7565.c:304:6:updateDisplay	16	static
../Core/Src/ST7565.c:324:6:ST7565_setpixel	24	static
../Core/Src/ST7565.c:348:6:ST7565_init	8	static
../Core/Src/ST7565.c:410:9:ST7565_command	32	static
../Core/Src/ST7565.c:422:9:ST7565_data	32	static
../Core/Src/ST7565.c:433:6:ST7565_set_brightness	16	static
../Core/Src/ST7565.c:439:6:ST7565_clear	16	static
../Core/Src/ST7565.c:459:6:pin_config	48	static
